// Jest Snapshot v1, https://goo.gl/fbAQLP

exports[`should render error page component correctly 1`] = `
<div>
  404 Not Found
</div>
`;
