// Jest Snapshot v1, https://goo.gl/fbAQLP

exports[`Should render the correct Header component 1`] = `
<header>
  <h1>
    Expensify
  </h1>
  <NavLink
    activeClassName="active-class"
    ariaCurrent="true"
    exact={true}
    to="/"
  >
    Dashboard 
  </NavLink>
  <NavLink
    activeClassName="active-class"
    ariaCurrent="true"
    to="/create"
  >
    Create 
  </NavLink>
  <NavLink
    activeClassName="active-class"
    ariaCurrent="true"
    to="/edit"
  >
    Edit 
  </NavLink>
  <NavLink
    activeClassName="active-class"
    ariaCurrent="true"
    to="help"
  >
    Help 
  </NavLink>
</header>
`;
